// Jest Snapshot v1, https://goo.gl/fbAQLP

exports[`@modalHelper panel checks * close modalHelper checking inner 1`] = `
<View
  style={
    Object {
      "flex": 1,
    }
  }
>
  <View>
    <Text>
      Modal Panel Test
    </Text>
  </View>
  <Button
    onPress={[Function]}
    testID="@modalHelper/show"
    title="Open Modal"
  />
  <Button
    onPress={[Function]}
    testID="@modalHelper/hide-outer"
    title="Hide Modal"
  />
</View>
`;

exports[`@modalHelper panel checks * close modalHelper checking outer 1`] = `
<View
  style={
    Object {
      "flex": 1,
    }
  }
>
  <View>
    <Text>
      Modal Panel Test
    </Text>
  </View>
  <Button
    onPress={[Function]}
    testID="@modalHelper/show"
    title="Open Modal"
  />
  <Button
    onPress={[Function]}
    testID="@modalHelper/hide-outer"
    title="Hide Modal"
  />
</View>
`;

exports[`@modalHelper panel checks * modalHelper panel render with props / children checking 1`] = `
<View
  style={
    Object {
      "flex": 1,
    }
  }
>
  <View>
    <Text>
      Modal Panel Test
    </Text>
  </View>
  <Button
    onPress={[Function]}
    testID="@modalHelper/show"
    title="Open Modal"
  />
  <Button
    onPress={[Function]}
    testID="@modalHelper/hide-outer"
    title="Hide Modal"
  />
</View>
`;

exports[`@modalHelper panel checks * modalHelper panel renders properly 1`] = `
<View
  style={
    Object {
      "flex": 1,
    }
  }
>
  <View>
    <Text>
      Modal Panel Test
    </Text>
  </View>
  <Button
    onPress={[Function]}
    testID="@modalHelper/show"
    title="Open Modal"
  />
  <Button
    onPress={[Function]}
    testID="@modalHelper/hide-outer"
    title="Hide Modal"
  />
</View>
`;

exports[`@modalHelper-service: service checks * unexpected branch cover 1`] = `
<View
  style={
    Object {
      "flex": 1,
    }
  }
>
  <View>
    <View
      accessible={true}
      isTVSelectable={true}
      onResponderGrant={[Function]}
      onResponderMove={[Function]}
      onResponderRelease={[Function]}
      onResponderTerminate={[Function]}
      onResponderTerminationRequest={[Function]}
      onStartShouldSetResponder={[Function]}
      style={
        Object {
          "opacity": 1,
        }
      }
      testID="@modalHelper/single"
    >
      <Text>
        Show Single Modal
      </Text>
    </View>
    <View
      accessible={true}
      isTVSelectable={true}
      onResponderGrant={[Function]}
      onResponderMove={[Function]}
      onResponderRelease={[Function]}
      onResponderTerminate={[Function]}
      onResponderTerminationRequest={[Function]}
      onStartShouldSetResponder={[Function]}
      style={
        Object {
          "opacity": 1,
        }
      }
      testID="@modalHelper/multiple"
    >
      <Text>
        Show Single Modal
      </Text>
    </View>
    <View
      accessible={true}
      isTVSelectable={true}
      onResponderGrant={[Function]}
      onResponderMove={[Function]}
      onResponderRelease={[Function]}
      onResponderTerminate={[Function]}
      onResponderTerminationRequest={[Function]}
      onStartShouldSetResponder={[Function]}
      style={
        Object {
          "opacity": 1,
        }
      }
      testID="@modalHelper/backdrop"
    >
      <Text>
        Show Back-Drop Allowed Modal
      </Text>
    </View>
  </View>
</View>
`;
