// Jest Snapshot v1, https://goo.gl/fbAQLP

exports[`@modal resolver component checks * modal resolver component renders properly 1`] = `
<View
  style={
    Object {
      "bottom": 0,
      "left": 0,
      "position": "absolute",
      "right": 0,
      "top": 0,
    }
  }
>
  <TouchableOpacity
    activeOpacity={1}
    style={
      Array [
        Object {
          "bottom": 0,
          "left": 0,
          "position": "absolute",
          "right": 0,
          "top": 0,
        },
        undefined,
      ]
    }
  />
  <View
    style={
      Array [
        undefined,
        undefined,
      ]
    }
  >
    <Text>
      Test1
    </Text>
  </View>
</View>
`;

exports[`@modal resolver component checks * modal resolver component renders properly 2`] = `false`;
