// Jest Snapshot v1, https://goo.gl/fbAQLP

exports[`@style: consumer service methods check * style mapping config contains no pre-created mapping 1`] = `
Object {
  "borderColor": "grayLight",
  "borderWidth": 2,
  "innerSize": 24,
  "selectColor": "transparent",
  "size": 36,
}
`;

exports[`@style: service methods checks * styling * default theme 1`] = `Object {}`;

exports[`@style: service methods checks * styling * inverse theme 1`] = `Object {}`;
